Traceback (most recent call last):
  File "/usr/lib64/python3.9/runpy.py", line 188, in _run_module_as_main
    mod_name, mod_spec, code = _get_module_details(mod_name, _Error)
  File "/usr/lib64/python3.9/runpy.py", line 147, in _get_module_details
    return _get_module_details(pkg_main_name, error)
  File "/usr/lib64/python3.9/runpy.py", line 111, in _get_module_details
    __import__(pkg_name)
  File "/projappl/project_2017416/python-package/conflict-sampling-x86/lib/python3.9/site-packages/pytest/__init__.py", line 8, in <module>
    from _pytest._code import ExceptionInfo
  File "/projappl/project_2017416/python-package/conflict-sampling-x86/lib/python3.9/site-packages/_pytest/_code/__init__.py", line 5, in <module>
    from .code import Code
  File "/projappl/project_2017416/python-package/conflict-sampling-x86/lib/python3.9/site-packages/_pytest/_code/code.py", line 54, in <module>
    from exceptiongroup import BaseExceptionGroup
  File "/projappl/project_2017416/python-package/conflict-sampling-x86/lib/python3.9/site-packages/exceptiongroup/__init__.py", line 15, in <module>
    from ._catch import catch
  File "/projappl/project_2017416/python-package/conflict-sampling-x86/lib/python3.9/site-packages/exceptiongroup/_catch.py", line 11, in <module>
    from ._exceptions import BaseExceptionGroup
  File "/projappl/project_2017416/python-package/conflict-sampling-x86/lib/python3.9/site-packages/exceptiongroup/_exceptions.py", line 10, in <module>
    from typing_extensions import TypeVar
ModuleNotFoundError: No module named 'typing_extensions'
