OK   chsims_aqgy3_0002_00007  -> out/review_sheets/chsims_aqgy3_0002_00007.jpg
OK   chsims_aqgy4_0004_00018  -> out/review_sheets/chsims_aqgy4_0004_00018.jpg
OK   chsims_aqgy4_0009_00011  -> out/review_sheets/chsims_aqgy4_0009_00011.jpg
OK   chsims_aqgy4_0012_00032  -> out/review_sheets/chsims_aqgy4_0012_00032.jpg
OK   chsims_aqgy5_0028_00043  -> out/review_sheets/chsims_aqgy5_0028_00043.jpg
OK   chsims_video_0022_0006  -> out/review_sheets/chsims_video_0022_0006.jpg
OK   chsims_aqgy4_0001_00061  -> out/review_sheets/chsims_aqgy4_0001_00061.jpg
OK   chsims_video_0015_0024  -> out/review_sheets/chsims_video_0015_0024.jpg
OK   chsims_video_0026_0017  -> out/review_sheets/chsims_video_0026_0017.jpg
OK   chsims_video_0055_0029  -> out/review_sheets/chsims_video_0055_0029.jpg
OK   chsims_video_0039_0003  -> out/review_sheets/chsims_video_0039_0003.jpg
OK   chsims_video_0039_0008  -> out/review_sheets/chsims_video_0039_0008.jpg
OK   chsims_aqgy3_0001_00020  -> out/review_sheets/chsims_aqgy3_0001_00020.jpg
OK   chsims_video_0056_0050  -> out/review_sheets/chsims_video_0056_0050.jpg
OK   chsims_video_0056_0077  -> out/review_sheets/chsims_video_0056_0077.jpg
OK   chsims_video_0042_0012  -> out/review_sheets/chsims_video_0042_0012.jpg
OK   iemocap_Ses02F_impro01_F005  -> out/review_sheets/iemocap_Ses02F_impro01_F005.jpg
OK   iemocap_Ses02F_impro01_F017  -> out/review_sheets/iemocap_Ses02F_impro01_F017.jpg
OK   iemocap_Ses02F_impro02_F011  -> out/review_sheets/iemocap_Ses02F_impro02_F011.jpg
OK   iemocap_Ses02F_impro03_F021  -> out/review_sheets/iemocap_Ses02F_impro03_F021.jpg
OK   iemocap_Ses02F_script01_3_F003  -> out/review_sheets/iemocap_Ses02F_script01_3_F003.jpg
OK   iemocap_Ses02M_impro02_F011  -> out/review_sheets/iemocap_Ses02M_impro02_F011.jpg
OK   iemocap_Ses02M_impro03_F008  -> out/review_sheets/iemocap_Ses02M_impro03_F008.jpg
OK   iemocap_Ses02M_script02_2_F010  -> out/review_sheets/iemocap_Ses02M_script02_2_F010.jpg
OK   iemocap_Ses03F_script02_1_M014  -> out/review_sheets/iemocap_Ses03F_script02_1_M014.jpg
OK   iemocap_Ses03F_script02_1_M042  -> out/review_sheets/iemocap_Ses03F_script02_1_M042.jpg
OK   iemocap_Ses03F_script03_1_F027  -> out/review_sheets/iemocap_Ses03F_script03_1_F027.jpg
OK   iemocap_Ses03F_script03_2_M010  -> out/review_sheets/iemocap_Ses03F_script03_2_M010.jpg
OK   iemocap_Ses03F_script03_2_M021  -> out/review_sheets/iemocap_Ses03F_script03_2_M021.jpg
OK   iemocap_Ses03M_impro03_F004  -> out/review_sheets/iemocap_Ses03M_impro03_F004.jpg
OK   iemocap_Ses05F_impro03_M006  -> out/review_sheets/iemocap_Ses05F_impro03_M006.jpg
OK   iemocap_Ses05F_script01_3_M010  -> out/review_sheets/iemocap_Ses05F_script01_3_M010.jpg
OK   iemocap_Ses03M_impro03_F040  -> out/review_sheets/iemocap_Ses03M_impro03_F040.jpg
OK   iemocap_Ses02F_impro04_F004  -> out/review_sheets/iemocap_Ses02F_impro04_F004.jpg
OK   iemocap_Ses02F_impro02_F009  -> out/review_sheets/iemocap_Ses02F_impro02_F009.jpg
OK   iemocap_Ses01F_script03_2_M025  -> out/review_sheets/iemocap_Ses01F_script03_2_M025.jpg
OK   iemocap_Ses03F_script01_3_M039  -> out/review_sheets/iemocap_Ses03F_script01_3_M039.jpg
OK   meld_dia1008_utt1  -> out/review_sheets/meld_dia1008_utt1.jpg
OK   meld_dia1013_utt2  -> out/review_sheets/meld_dia1013_utt2.jpg
OK   meld_dia127_utt3  -> out/review_sheets/meld_dia127_utt3.jpg
OK   meld_dia274_utt0  -> out/review_sheets/meld_dia274_utt0.jpg
OK   meld_dia298_utt1  -> out/review_sheets/meld_dia298_utt1.jpg
OK   meld_dia310_utt5  -> out/review_sheets/meld_dia310_utt5.jpg
OK   meld_dia438_utt8  -> out/review_sheets/meld_dia438_utt8.jpg
OK   meld_dia445_utt8  -> out/review_sheets/meld_dia445_utt8.jpg
OK   meld_dia506_utt7  -> out/review_sheets/meld_dia506_utt7.jpg
OK   meld_dia573_utt10  -> out/review_sheets/meld_dia573_utt10.jpg
OK   meld_dia693_utt4  -> out/review_sheets/meld_dia693_utt4.jpg
OK   meld_dia946_utt7  -> out/review_sheets/meld_dia946_utt7.jpg
OK   meld_dia949_utt6  -> out/review_sheets/meld_dia949_utt6.jpg
OK   meld_dia950_utt4  -> out/review_sheets/meld_dia950_utt4.jpg
OK   meld_dia965_utt0  -> out/review_sheets/meld_dia965_utt0.jpg
OK   meld_dia100_utt4  -> out/review_sheets/meld_dia100_utt4.jpg
OK   meld_dia124_utt5  -> out/review_sheets/meld_dia124_utt5.jpg
OK   meld_dia150_utt1  -> out/review_sheets/meld_dia150_utt1.jpg
OK   meld_dia170_utt3  -> out/review_sheets/meld_dia170_utt3.jpg
OK   meld_dia184_utt13  -> out/review_sheets/meld_dia184_utt13.jpg
OK   meld_dia200_utt9  -> out/review_sheets/meld_dia200_utt9.jpg
OK   meld_dia345_utt4  -> out/review_sheets/meld_dia345_utt4.jpg
OK   meld_dia444_utt0  -> out/review_sheets/meld_dia444_utt0.jpg
OK   meld_dia451_utt1  -> out/review_sheets/meld_dia451_utt1.jpg
OK   meld_dia457_utt1  -> out/review_sheets/meld_dia457_utt1.jpg
OK   meld_dia457_utt11  -> out/review_sheets/meld_dia457_utt11.jpg
OK   meld_dia468_utt7  -> out/review_sheets/meld_dia468_utt7.jpg
OK   meld_dia487_utt0  -> out/review_sheets/meld_dia487_utt0.jpg
OK   meld_dia524_utt11  -> out/review_sheets/meld_dia524_utt11.jpg
OK   meld_dia528_utt4  -> out/review_sheets/meld_dia528_utt4.jpg
OK   meld_dia634_utt3  -> out/review_sheets/meld_dia634_utt3.jpg
OK   meld_dia648_utt4  -> out/review_sheets/meld_dia648_utt4.jpg
OK   meld_dia689_utt6  -> out/review_sheets/meld_dia689_utt6.jpg
OK   meld_dia725_utt2  -> out/review_sheets/meld_dia725_utt2.jpg
OK   meld_dia80_utt0  -> out/review_sheets/meld_dia80_utt0.jpg
OK   meld_dia830_utt6  -> out/review_sheets/meld_dia830_utt6.jpg
OK   meld_dia843_utt14  -> out/review_sheets/meld_dia843_utt14.jpg
OK   meld_dia857_utt11  -> out/review_sheets/meld_dia857_utt11.jpg
OK   meld_dia861_utt8  -> out/review_sheets/meld_dia861_utt8.jpg
OK   meld_dia920_utt3  -> out/review_sheets/meld_dia920_utt3.jpg
OK   meld_dia93_utt0  -> out/review_sheets/meld_dia93_utt0.jpg
OK   meld_dia520_utt2  -> out/review_sheets/meld_dia520_utt2.jpg
OK   meld_dia1005_utt15  -> out/review_sheets/meld_dia1005_utt15.jpg
OK   meld_dia508_utt14  -> out/review_sheets/meld_dia508_utt14.jpg
OK   meld_dia17_utt0  -> out/review_sheets/meld_dia17_utt0.jpg
OK   meld_dia175_utt2  -> out/review_sheets/meld_dia175_utt2.jpg
OK   meld_dia431_utt5  -> out/review_sheets/meld_dia431_utt5.jpg
OK   meld_dia778_utt9  -> out/review_sheets/meld_dia778_utt9.jpg
OK   meld_dia561_utt9  -> out/review_sheets/meld_dia561_utt9.jpg
OK   meld_dia232_utt16  -> out/review_sheets/meld_dia232_utt16.jpg
OK   meld_dia407_utt4  -> out/review_sheets/meld_dia407_utt4.jpg
OK   meld_dia985_utt0  -> out/review_sheets/meld_dia985_utt0.jpg
OK   mosi_9qR7uwkblbs_7  -> out/review_sheets/mosi_9qR7uwkblbs_7.jpg
OK   mosi_yDtzw_Y-7RU_7  -> out/review_sheets/mosi_yDtzw_Y-7RU_7.jpg
OK   mosi_BI97DNYfe5I_27  -> out/review_sheets/mosi_BI97DNYfe5I_27.jpg
OK   mosi_BI97DNYfe5I_8  -> out/review_sheets/mosi_BI97DNYfe5I_8.jpg
OK   mustard_1_6134  -> out/review_sheets/mustard_1_6134.jpg
OK   mustard_2_222  -> out/review_sheets/mustard_2_222.jpg
OK   mustard_2_92  -> out/review_sheets/mustard_2_92.jpg
OK   mustard_1_175  -> out/review_sheets/mustard_1_175.jpg
OK   mustard_1_427  -> out/review_sheets/mustard_1_427.jpg
OK   mustard_1_5617  -> out/review_sheets/mustard_1_5617.jpg
OK   mustard_1_7445  -> out/review_sheets/mustard_1_7445.jpg
OK   mustard_2_242  -> out/review_sheets/mustard_2_242.jpg
OK   mustard_2_323  -> out/review_sheets/mustard_2_323.jpg
OK   mustard_2_197  -> out/review_sheets/mustard_2_197.jpg
OK   mustard_2_487  -> out/review_sheets/mustard_2_487.jpg
=== 视频（只给有裁剪框的）===
OK   meld_dia985_utt0                 face  102 帧 @ 23.976fps = 4.254s [320]
OK   iemocap_Ses02F_impro02_F009      face  124 帧 @ 29.970fps = 4.137s [320]
OK   iemocap_Ses01F_script03_2_M025   face  137 帧 @ 29.970fps = 4.571s [320]
OK   chsims_video_0042_0012           face   93 帧 @ 25.000fps = 3.720s [320]
OK   iemocap_Ses03F_script01_3_M039   face  429 帧 @ 29.970fps = 14.314s [320]
